main.c:154:6:HAL_GPIO_EXTI_Callback	16	static
main.c:203:7:HAL_TIM_PeriodElapsedCallback	24	static
main.c:237:5:main	48	static
main.c:574:6:SystemClock_Config	232	static
main.c:638:13:MX_ADC1_Init	24	static
main.c:688:13:MX_DMA2D_Init	8	static
main.c:727:13:MX_DSIHOST_DSI_Init	176	static
main.c:836:13:MX_LTDC_Init	112	static
main.c:918:13:MX_SDMMC2_SD_Init	4	static
main.c:946:13:MX_TIM6_Init	24	static
main.c:984:13:MX_TIM7_Init	24	static
main.c:1018:13:MX_FMC_Init	40	static
main.c:1069:13:MX_GPIO_Init	64	static
main.c:1102:13:LCD_Config	32	static
main.c:1166:13:startGame	32	static
main.c:1205:6:gameOver	80	static
main.c:1276:6:playARM	72	static
main.c:1517:6:Error_Handler	8	static
